.next/types/app/projects/[id]/page.ts(2,24): error TS2307: Cannot find module '../../../../../src/app/projects/[id]/page.js' or its corresponding type declarations.
.next/types/app/projects/[id]/page.ts(5,29): error TS2307: Cannot find module '../../../../../src/app/projects/[id]/page.js' or its corresponding type declarations.
.next/types/app/projects/[id]/settings/page.ts(2,24): error TS2307: Cannot find module '../../../../../../src/app/projects/[id]/settings/page.js' or its corresponding type declarations.
.next/types/app/projects/[id]/settings/page.ts(5,29): error TS2307: Cannot find module '../../../../../../src/app/projects/[id]/settings/page.js' or its corresponding type declarations.
.next/types/app/reviews/[id]/documents/[docId]/page.ts(2,24): error TS2307: Cannot find module '../../../../../../../src/app/reviews/[id]/documents/[docId]/page.js' or its corresponding type declarations.
.next/types/app/reviews/[id]/documents/[docId]/page.ts(5,29): error TS2307: Cannot find module '../../../../../../../src/app/reviews/[id]/documents/[docId]/page.js' or its corresponding type declarations.
.next/types/app/reviews/[id]/page.ts(2,24): error TS2307: Cannot find module '../../../../../src/app/reviews/[id]/page.js' or its corresponding type declarations.
.next/types/app/reviews/[id]/page.ts(5,29): error TS2307: Cannot find module '../../../../../src/app/reviews/[id]/page.js' or its corresponding type declarations.
